---
source: tests/ui_snapshots.rs
assertion_line: 280
expression: render(&app)
---
"                            │   live   findings   history    plan    guide              "
"  PIPELINE ──────────────── │─────────────────────────────────────────────────────────────"
"  ○ spec                    │                                                             "
"  ○ plan                    │                                                             "
"  ○ plan-review             │                                                             "
"  ○ tests-red               │                                                             "
"  ○ implement               │                                                             "
"  ○ dual-review             │                                                             "
"  ○ coverage   ╭ apply answers ───────────────────────────────────────────╮               "
"  » next: spec │fix 4 code finding(s) - one run + check.sh + re-review?   │               "
"  architecture.│a passing fix stays in your working tree - review with git│               "
"    run `ritual│1 on other features skipped                               │review         "
"    to ground p│ y  apply   u  unqueue this   esc  cancel                 │               "
"               ╰──────────────────────────────────────────────────────────╯               "
" 󰚩 AGENTS ───────────────── │                                                             "
"  󰚩 claude …                │                                                             "
"  󰚩 codex …                 │                                                             "
"  󱘖 bridge …                │                                                             "
"   nvim …                   │                                                             "
"   check ?                  │                                                             "
"                            │                                                             "
" RITUAL   detached  detached                                                          "
