---
source: tests/ui_snapshots.rs
expression: "render_at(&app, 90, 24)"
---
"                            │  live   findings    history    plan    guide              "
"  PIPELINE ──────────────── │─────────────────────────────────────────────────────────────"
"  ○ spec                    │                                                             "
"  ○ plan                    │                                                             "
"  ○ plan-review             │                    █▀█ █ ▀█▀ █ █ ▄▀█ █                      "
"  ○ tests-re╭ implement — resume + paste to start ───────────────────────────╮            "
"  ○ implemen│                                                                │f y         "
"  ○ dual-rev│  The tests-red session reopens with its full context.          │            "
"            │  Claude won't start on its own — copy this and paste it in:    │dual        "
" 󰚩 AGENTS ──│                                                                │ live       "
"  󰚩 claude …│Implement the code to make the failing tests from the tests-red │eover       "
"  󰚩 codex … │step pass. Follow the plan and run ./check.sh before finishing. │ · / filter "
"  󱘖 bridge …│                                                                │ts          "
"   nvim …   │  [enter] open the session    [esc] cancel                      │            "
"   check ?  │                                                                │            "
"            │                                                                │            "
"   detached │                                                                │            "
"            ╰────────────────────────────────────────────────────────────────╯ent         "
"                            │    guide  5: the detailed guide & tips, in-app              "
"                            │                                                             "
"                            │     enter  run stage    :  palette    ?  keys    q  quit    "
"                            │                                                             "
"                            │                                                             "
" RITUAL   detached  detached                                                          "
