---
source: tests/ui_snapshots.rs
expression: "render_at(&app, 80, 24)"
---
" spec · § Behavior (the contract — WHAT, no│ 󰚩 chat · spec · § Behavior (the con"
"󰲣 Behavior (the contract — WHAT, not HOW)  │› make behavior stricter: retry 3x  "
"                                           │Tightening the retry rule.          "
"must retry on drop                         │ $0.030 4.2s                        "
"                                           │  ✓ spec updated · $0.030           "
"                                           │                                    "
"                                           │                                    "
"                                           │                                    "
"                                           │                                    "
"                                           │                                    "
"                                           │                                    "
"                                           │                                    "
"                                           │                                    "
"                                           │                                    "
"                                           │                                    "
"                                           │                                    "
"                                           │                                    "
"                                           │                                    "
"                                           │                                    "
"                                           │                                    "
"                                           │                                    "
"                                           │                                    "
"                                           │  and ▏cap it at 3 attempts         "
" RITUAL   detached  detached                                                "
