---
source: tests/ui_snapshots.rs
assertion_line: 567
expression: out
---
"                            │  live   findings    history    plan    guide              "
"  PIPELINE ──────────────── │─────────────────────────────────────────────────────────────"
"  ○ spec                    │                                                             "
"  ○ plan                    │                    █▀█ █ ▀█▀ █ █ ▄▀█ █                      "
"  ○ plan-review             │                    █▀▄ █  █  █▄█ █▀█ █▄▄                    "
"  ○ tests-red               │         s u m m o n  ·  r e v i e w  ·  v e r i f y         "
"  ○ implement         ╭ stage · coverage ──────────────────────────╮                      "
"  ○ dual-review       │                                            │ → impl → dual        "
"  ○ coverage          │ ○ pending                                  │ec or plan live       "
"  » next: spec        │                                            │ch · a takeover       "
"  architecture.md miss│ ! plan.md missing - run plan first         │ d dismiss · / filter "
"    run `ritual archit│                                            │· invariants          "
"    to ground planning│ suggested: resolve the blocker first       │· costs               "
"                      │                                            │ · repro              "
" 󰚩 AGENTS ────────────│ enter  run   j/k  stage   esc/q/i  close   │ codes                "
"  󰚩 claude …          ╰────────────────────────────────────────────╯features              "
"  󰚩 codex …                 │     more  ps · attach · doctor · clean · pr-comment         "
"  󱘖 bridge …                │    guide  5: the detailed guide & tips, in-app              "
"   nvim …                   │                                                             "
"   check ?                  │     enter  run stage    :  palette    ?  keys    q  quit    "
"                            │                                                             "
" RITUAL   detached  detached                                                          "
