---
source: tests/ui_snapshots.rs
assertion_line: 775
expression: "render_at(&app, 90, 30)"
---
"                            │  live   findings    history    plan    guide              "
"  PIPELINE ─╭ settings - project config ─────────────────────────────────────╮────────────"
"  ○ spec    │                                                                │            "
"  ○ plan    │ budgets                                                        │            "
"  ○ plan-rev│  plan-review                                       5 (default) │            "
"  ○ tests-re│  dual-review                                      10 (default) │            "
"  ○ implemen│  doc chat                                        0.5 (default) │            "
"  ○ dual-rev│  finding fix (per run)                             3 (project) │            "
"  ○ coverage│  code fix (per run)                                5 (default) │            "
"  » next: sp│  coverage (per run)                                2 (default) │f y         "
"  architectu│  audit (per leg)                                   3 (default) │            "
"    run `rit│  architect (per run)                               3 (default) │dual        "
"    to groun│  complete (per invocation)                        30 (default) │ live       "
"            │  daily ceiling                                     - (default) │eover       "
" 󰚩 AGENTS ──│ routing                                                        │ · / filter "
"  󰚩 claude …│  model: plan                                       - (default) │ts          "
"  󰚩 codex … │  model: plan-review                                - (default) │            "
"  󱘖 bridge …│  model: dual-review                                - (default) │            "
"   nvim …   │  fallback models                                   - (default) │            "
"   check ?  │  effort: plan                                      - (default) │            "
"            │  effort: plan-fix                                  - (default) │ent         "
"   detached │  effort: plan-review                               - (default) │            "
"            │  effort: dual-review                               - (default) │            "
"            │ appearance                                                     │ q  quit    "
"            │                                                                │            "
"            │  finding fix (per run): abc▏                                   │            "
"            │  USD cap for ONE F-apply batch fix run - number > 0            │            "
"            │ j/k move · enter toggle/edit · g/G first/last · S/esc close    │            "
"            ╰────────────────────────────────────────────────────────────────╯            "
" RITUAL   detached  detached                                                          "
