---
source: tests/ui_snapshots.rs
assertion_line: 245
expression: render(&app)
---
"                            │   live   findings   history    plan    guide              "
"  PIPELINE ──────────────── │─────────────────────────────────────────────────────────────"
"  ○ spec                    │                                                             "
"  ○ plan                    │   CRIT   ◆both  ⚓ Step 2 untriaged confirmed plan… →⚑A " Hidden by multi-width symbols: [(51, " ")]
"  ○ plan-review             │    s6 [plan-review:confirmed]                               "
"  ○ tests-red               │                                                             "
"  ○ implement               │   MAJR  ◇single ⚓ Step 2 queued for the claud… ⚑A queued " Hidden by multi-width symbols: [(49, " ")]
"  ○ dual-review             │    s1 [plan-review:confirmed]                               "
"  ○ coverage                │                                                             "
"  » next: spec              │   MAJR  ◇single src/a.rs:3 yours to fix by ha… ⚑M manual  "
"  architecture.md missing - │    s2 [plan-review:confirmed]                               "
"    run `ritual architect`  │                                                             "
"    to ground planning      │   MAJR   ◆both  ⚓ Step 5 resolution recorded by th… →✓ " Hidden by multi-width symbols: [(51, " ")]
"                            │    s4 [plan-review:accepted]                                "
" 󰚩 AGENTS ───────────────── │                                                             "
"  󰚩 claude …                │   minr  ◇single ⚓ Step 4 declined by the las… ✗ declined " Hidden by multi-width symbols: [(49, " ")]
"  󰚩 codex …                 │    s3 [plan-review:confirmed]                               "
"  󱘖 bridge …                │                                                             "
"   nvim …                   │   minr  ◇single ⚓ Step 6 retracted in round 2         →∅ " Hidden by multi-width symbols: [(49, " ")]
"   check ?                  │    s5 [plan-review:refuted]                                 "
"                            │                                                             "
" RITUAL   detached  detached                                                     ⚑1 "
