---
source: tests/ui_snapshots.rs
assertion_line: 694
expression: render(&app)
---
"                            │  live   findings    history    plan    guide              "
"  PIPELINE ─╭ settings - project config ─────────────────────────────────────╮────────────"
"  ○ spec    │                                                                │            "
"  ○ plan    │  model: dual-review                                - (default) │            "
"  ○ plan-rev│  fallback models                                   - (default) │            "
"  ○ tests-re│  effort: plan                                      - (default) │f y         "
"  ○ implemen│  effort: plan-fix                                  - (default) │            "
"  ○ dual-rev│  effort: plan-review                               - (default) │dual        "
"  ○ coverage│  effort: dual-review                               - (default) │ live       "
"  » next: sp│ appearance                                                     │eover       "
"            │  theme                                      eldritch (default) │ · / filter "
" 󰚩 AGENTS ──│  icons                                          nerd (default) │ts          "
"  󰚩 claude …│  transparency                                   true (default) │            "
"  󰚩 codex … │ behavior                                                       │            "
"  󱘖 bridge …│  notifications                                  true (default) │            "
"   nvim …   │  redaction                                      true (default) │            "
"   check ?  │  offline                                       false (default) │ent         "
"            │  base ref                                       main (default) │            "
"   detached │  check timeout (s)                               600 (default) │            "
"            │ j/k move · enter toggle/edit · g/G first/last · S/esc close    │ q  quit    "
"            ╰────────────────────────────────────────────────────────────────╯            "
" RITUAL   detached  detached                                                          "
