---
source: tests/ui_snapshots.rs
assertion_line: 332
expression: render(&app)
---
"                            │ [live]  findings    history    plan    guide                "
" # PIPELINE ─────────────── │─────────────────────────────────────────────────────────────"
"  ( ) spec                  │                                                             "
"  ( ) plan                  │                    █▀█ █ ▀█▀ █ █ ▄▀█ █                      "
"  ( ) plan-review           │                    █▀▄ █  █  █▄█ █▀█ █▄▄                    "
"  ( ) tests-red             │         s u m m o n  ·  r e v i e w  ·  v e r i f y         "
"  ( ) implement             │                                                             "
"  ( ) dual-review           │ pipeline  spec → plan → review → tests → impl → dual        "
"  ( ) coverage              │     chat  s: chat to write/edit the spec or plan live       "
"  » next: spec              │     runs  daemons: quit freely, reattach · a takeover       "
"  architecture.md missing - │ findings  enter details · F/m triage · d dismiss · / filter "
"    run `ritual architect`  │    gates  mutants · secrets · lessons · invariants          "
"    to ground planning      │    money  daily budget · per-run caps · costs               "
"                            │   safety  redaction · verify-log chain · repro              "
" ai: AGENTS ─────────────── │       ci  --ci → JUnit · --json + exit codes                "
"  ai: claude …              │ parallel  new --worktree · [ ] switch features              "
"  ai: codex …               │     more  ps · attach · doctor · clean · pr-comment         "
"  <> bridge …               │    guide  5: the detailed guide & tips, in-app              "
"  nv nvim …                 │                                                             "
"  chk check ?               │     enter  run stage    :  palette    ?  keys    q  quit    "
"                            │                                                             "
" RITUAL  br: detached  detached                                                           "
