---
source: tests/ui_snapshots.rs
expression: "render_at(&app, 100, 26)"
---
"                            │ spec · § Behavior (the contract — WHAT│ ai: chat · spec · § Behavior ("
" # PIPELINE ─────────────── │## Behavior (the contract — WHAT, not  │› make behavior stricter: retry"
"  ( ) spec                  │HOW)                                   │3x                             "
"  ( ) plan                  │                                       │Tightening the retry rule.     "
"  ( ) plan-review           │must retry on drop                     │[x] $0.030 4.2s                "
"  ( ) tests-red             │                                       │  ✓ spec updated · $0.030      "
"  ( ) implement             │                                       │                               "
"  ( ) dual-review           │                                       │                               "
"                            │                                       │                               "
" ai: AGENTS ─────────────── │                                       │                               "
"  ai: claude …              │                                       │                               "
"  ai: codex …               │                                       │                               "
"  <> bridge …               │                                       │                               "
"  nv nvim —                 │                                       │                               "
"  chk check ?               │                                       │                               "
"                            │                                       │                               "
"  br: detached              │                                       │                               "
"                            │                                       │                               "
"                            │                                       │                               "
"                            │                                       │                               "
"                            │                                       │                               "
"                            │                                       │                               "
"                            │                                       │                               "
"                            │                                       │                               "
"                            │                                       │ > and ▏cap it at 3 attempts   "
" RITUAL  br: detached  detached                                                                     "
