---
source: tests/ui_snapshots.rs
expression: "render_at(&app, 120, 30)"
---
"                            │ spec · § Behavior (the contract — WHAT, not HOW) │ 󰚩 chat · spec · § Behavior (the contra…"
"  PIPELINE ──────────────── │󰲣 Behavior (the contract — WHAT, not HOW)         │› make behavior stricter: retry 3x      "
"  ○ spec                    │                                                  │Tightening the retry rule.              "
"  ○ plan                    │must retry on drop                                │ $0.030 4.2s                            "
"  ○ plan-review             │                                                  │  ✓ spec updated · $0.030               "
"  ○ tests-red               │                                                  │                                        "
"  ○ implement               │                                                  │                                        "
"  ○ dual-review             │                                                  │                                        "
"                            │                                                  │                                        "
" 󰚩 AGENTS ───────────────── │                                                  │                                        "
"  󰚩 claude …                │                                                  │                                        "
"  󰚩 codex …                 │                                                  │                                        "
"  󱘖 bridge …                │                                                  │                                        "
"   nvim —                   │                                                  │                                        "
"   check ?                  │                                                  │                                        "
"                            │                                                  │                                        "
"   detached                 │                                                  │                                        "
"                            │                                                  │                                        "
"                            │                                                  │                                        "
"                            │                                                  │                                        "
"                            │                                                  │                                        "
"                            │                                                  │                                        "
"                            │                                                  │                                        "
"                            │                                                  │                                        "
"                            │                                                  │                                        "
"                            │                                                  │                                        "
"                            │                                                  │                                        "
"                            │                                                  │                                        "
"                            │                                                  │  and ▏cap it at 3 attempts             "
" RITUAL   detached  detached                                                                                        "
