---
source: tests/ui_snapshots.rs
assertion_line: 170
expression: render(&app)
---
"                            │   live    findings    history   plan   guide              "
"  PIPELINE ──────────────── │─────────────────────────────────────────────────────────────"
"  ○ ╭ keys ──────────────────────────────────────────────────────────────────────────╮    "
"  ○ │  plan                                              global                      │    "
"  ○ │   enter  run stage / open item                      ctrl+c / q  quit ritual    │    "
"  ○ │   :  reset plan back to the spec (palette-only)     ?  show help               │    "
"  ○ │                                                     :  command palette         │    "
"  ○ │  actions                                            tab  next tab              │    "
"  ○ │   x  cancel running stage                           1-5  jump to tab           │    "
"  » │   c  run check.sh fast                              r  refresh auth/artifacts  │    "
"    │   C  run full check.sh                              S  settings: edit config   │    "
" 󰚩 A│   a  take over in claude                                                       │    "
"  󰚩 │   s  chat: edit spec/plan                          move                        │    "
"  󰚩 │   u  undo last plan fix                             k / ↑  move up             │    "
"  󱘖 │   Q  findings → nvim quickfix                       j / ↓  move down           │    "
"   n│                                                     g  scroll to top           │    "
"   c│                                                     G  jump to end/tail        │    "
"    │                                                     [  previous feature        │    "
"   d│                                                     ]  next feature            │    "
"    ╰────────────────────────────────────────────────────────────────────────────────╯    "
"                            │                                                             "
" RITUAL   detached  detached                                                          "
