---
source: tests/ui_snapshots.rs
assertion_line: 518
expression: out
---
"                            │ [live]  findings    history    plan    guide                "
" # PIPELINE ─────────────── │─────────────────────────────────────────────────────────────"
"  [x] spec                  │                                                             "
"  [x] plan [~]              │                    █▀█ █ ▀█▀ █ █ ▄▀█ █                      "
"  [x] plan-review [~]       │                    █▀▄ █  █  █▄█ █▀█ █▄▄                    "
"  [x] tests-red [~]         │         s u m m o n  ·  r e v i e w  ·  v e r i f y         "
"  [x] implement             │                                                             "
"  [x] dual-review           │ pipeline  spec → plan → review → tests → impl → dual        "
"  [x] coverage              │     chat  s: chat to write/edit the spec or plan live       "
"  » next: plan              │     runs  daemons: quit freely, reattach · a takeover       "
"  spec.md changed after this│ findings  enter details · F/m triage · d dismiss · / filter "
"    ran - rerun plan        │    gates  mutants · secrets · lessons · invariants          "
"                            │    money  daily budget · per-run caps · costs               "
" ai: AGENTS ─────────────── │   safety  redaction · verify-log chain · repro              "
"  ai: claude …              │       ci  --ci → JUnit · --json + exit codes                "
"  ai: codex …               │ parallel  new --worktree · [ ] switch features              "
"  <> bridge …               │     more  ps · attach · doctor · clean · pr-comment         "
"  nv nvim …                 │    guide  5: the detailed guide & tips, in-app              "
"  chk check ?               │                                                             "
"                            │     enter  run stage    :  palette    ?  keys    q  quit    "
"  br: detached              │                                                             "
" RITUAL  br: detached  t                                                                  "
