---
source: tests/ui_snapshots.rs
assertion_line: 180
expression: render(&app)
---
"                            │   live    findings   history   plan    guide              "
"╭ keys ──────────────────────────────────────────────────────────────────────────────────╮"
"│  history                                            global                             │"
"│   enter  run stage / open item                       q / ctrl+c  quit ritual           │"
"│   /  filter findings/history                         ?  show help                      │"
"│                                                      :  command palette                │"
"│  actions                                             tab  next tab                     │"
"│   i  stage: details & guidance                       1-5  jump to tab                  │"
"│   x  cancel running stage                            r  refresh auth/artifacts         │"
"│   c  run check.sh fast                               S  settings: edit config          │"
"│   C  run full check.sh                                                                 │"
"│   a  take over in claude                            move                               │"
"│   s  chat: edit spec/plan                            k / ↑  move up                    │"
"│   :  refresh the architecture map (palette-only)     j / ↓  move down                  │"
"│   u  undo last plan fix                              h / ← …  focus: pipeline sidebar  │"
"│   Q  findings → nvim quickfix                        l / → …  focus: main panel        │"
"│                                                      g  scroll to top                  │"
"│                                                      G  jump to end/tail               │"
"│                                                      [  previous feature               │"
"│                                                      ]  next feature                   │"
"╰────────────────────────────────────────────────────────────────────────────────────────╯"
" RITUAL   detached  detached                                                          "
