---
source: tests/ui_snapshots.rs
assertion_line: 555
expression: out
---
"                            │  live   findings    history    plan    guide              "
"  PIPELINE ──────────────── │─────────────────────────────────────────────────────────────"
"   spec                     │                                                             "
"   plan                    │                    █▀█ █ ▀█▀ █ █ ▄▀█ █                      "
"   plan-review  ╭ stage · plan ───────────────────────────────────────╮                  "
"   tests-red    │                                                     │e r i f y         "
"   implement     │  done  finished 2h ago                              │                  "
"   dual-review   │                                                     │mpl → dual        "
"   coverage      │  spec.md changed after this ran - re-run to refresh│r plan live       "
"  » next: plan   │                                                     │ a takeover       "
"  spec.md changed│ architecture map: missing - run `ritual architect`  │ismiss · / filter "
"    ran - rerun p│                                                     │variants          "
"                 │ unlocks: plan-review                                │sts               "
" 󰚩 AGENTS ───────│ suggested: run it now (enter)                       │epro              "
"  󰚩 claude …     │                                                     │es                "
"  󰚩 codex …      │ enter  run   j/k  stage   esc/q/i  close            │ures              "
"  󱘖 bridge …     ╰─────────────────────────────────────────────────────╯r-comment         "
"   nvim …                   │    guide  5: the detailed guide & tips, in-app              "
"   check ?                  │                                                             "
"                            │     enter  run stage    :  palette    ?  keys    q  quit    "
"   detached                 │                                                             "
" RITUAL   detached  t                                                                 "
