---
source: tests/ui_snapshots.rs
assertion_line: 629
expression: render(&app)
---
"                            │   live    findings    history   plan   guide              "
"  PIPELINE ──────────────── │─────────────────────────────────────────────────────────────"
"  ○ spec                    │ 󰲡 The Plan                                                  "
"  ○ plan                    │                                                             "
"  ○ plan-review             │ Some bold intro with  inline code .                         "
"  ○ tests-red               │                                                             "
"  ○ implement               │  • first step                                               "
"  ○ dual-review             │  • second step                                              "
"  ○ coverage                │    • nested detail                                          "
"  » next: spec              │                                                             "
"  architecture.md missing - │  rust                                                       "
"    run `ritual architect`  │   fn ritual() {}                                            "
"    to ground planning      │                                                             "
"                            │ │ stage │ state │                                           "
" 󰚩 AGENTS ───────────────── │ ─────────────────                                           "
"  󰚩 claude …                │ │ spec  │ done  │                                           "
"  󰚩 codex …                 │                                                             "
"  󱘖 bridge …                │                                                             "
"   nvim …                   │                                                             "
"   check ?                  │                                                             "
"                            │                                                             "
" RITUAL   detached  detached                                                          "
