---
source: tests/ui_snapshots.rs
assertion_line: 673
expression: "render_at(&app, 90, 30)"
---
"                            │  live   findings    history    plan    guide              "
"  PIPELINE ─╭ settings - project config ─────────────────────────────────────╮────────────"
"  ○ spec    │                                                                │            "
"  ○ plan    │ budgets                                                        │            "
"  ○ plan-rev│  plan-review                                       5 (default) │            "
"  ○ tests-re│  dual-review                                      10 (default) │            "
"  ○ implemen│  doc chat                                        0.5 (default) │            "
"  ○ dual-rev│  finding fix (per run)                             3 (project) │            "
"  ○ coverage│  code fix (per run)                                5 (default) │            "
"  » next: sp│  coverage (per run)                                2 (default) │f y         "
"            │  complete (per invocation)                        30 (default) │            "
" 󰚩 AGENTS ──│  daily ceiling                                     - (default) │dual        "
"  󰚩 claude …│ routing                                                        │ live       "
"  󰚩 codex … │  model: plan                                       - (default) │eover       "
"  󱘖 bridge …│  model: plan-review                                - (default) │ · / filter "
"   nvim …   │  model: dual-review                                - (default) │ts          "
"   check ?  │  fallback models                                   - (default) │            "
"            │  effort: plan                                      - (default) │            "
"   detached │  effort: plan-fix                                  - (default) │            "
"            │  effort: plan-review                               - (default) │            "
"            │  effort: dual-review                               - (default) │ent         "
"            │ appearance                                                     │            "
"            │  theme                                      eldritch (default) │            "
"            │  icons                                          nerd (default) │ q  quit    "
"            │  transparency                                   true (default) │            "
"            │ behavior                                                       │            "
"            │  notifications                                  true (default) │            "
"            │ j/k move · enter toggle/edit · g/G first/last · S/esc close    │            "
"            ╰────────────────────────────────────────────────────────────────╯            "
" RITUAL   detached  detached                                                          "
