---
source: tests/ui_snapshots.rs
expression: render(&app)
---
"                            │   live    findings    history   plan   guide              "
"  PIPELINE ──────────────── │─────────────────────────────────────────────────────────────"
"  ○ spec                    │ 󰲡 The Plan                                                  "
"  ○ plan                    │                                                             "
"  ○ plan-review             │ Some bold intro with  inline code .                         "
"  ○ tests-red               │                                                             "
"  ○ implement               │  • first step                                               "
"  ○ dual-review             │  • second step                                              "
"  ○ coverage                │    • nested detail                                          "
"                            │                                                             "
" 󰚩 AGENTS ───────────────── │  rust                                                       "
"  󰚩 claude …                │   fn ritual() {}                                            "
"  󰚩 codex …                 │                                                             "
"  󱘖 bridge …                │ │ stage │ state │                                           "
"   nvim …                   │ ─────────────────                                           "
"   check ?                  │ │ spec  │ done  │                                           "
"                            │                                                             "
"   detached                 │                                                             "
"                            │                                                             "
"                            │                                                             "
"                            │                                                             "
" RITUAL   detached  detached                                                          "
