---
source: tests/ui_snapshots.rs
expression: render(&app)
---
"                            │ [live]  findings    history    plan                         "
" # PIPELINE ─────────────── │─────────────────────────────────────────────────────────────"
"  ( ) spec                  │                                                             "
"  ( ) plan                  │                                                             "
"  ( ) plan-review           │                    █▀█ █ ▀█▀ █ █ ▄▀█ █                      "
"  ( ) tests-red             │                    █▀▄ █  █  █▄█ █▀█ █▄▄                    "
"  ( ) implement             │         s u m m o n  ·  r e v i e w  ·  v e r i f y         "
"  ( ) dual-review           │                                                             "
"                            │    pipeline  spec → plan → review → tests → impl → dual     "
" ai: AGENTS ─────────────── │        runs  daemons: quit freely, reattach · a takeover    "
"  ai: claude …              │    findings  Q → nvim quickfix · o open · e $EDITOR         "
"  ai: codex …               │       money  daily budget · per-run caps · --force          "
"  <> bridge …               │      safety  redaction · verify-log chain · repro           "
"  nv nvim —                 │          ci  --ci → JUnit · --json + exit codes             "
"  chk check ?               │    parallel  new --worktree · [ ] switch features           "
"                            │        more  report · bench · export · offline · cmds       "
"  br: detached              │                                                             "
"                            │     enter  run stage    :  palette    ?  keys    q  quit    "
"                            │                                                             "
"                            │                                                             "
"                            │                                                             "
" RITUAL  br: detached  detached                                                           "
