---
source: tests/ui_snapshots.rs
assertion_line: 161
expression: render(&app)
---
"   ╭ keys ────────────────────────────────────────────────────────────────────────────╮   "
"  P│  findings                                         global                         │───"
"  ○│    enter  run selected stage / open item            ctrl+c / q  quit ritual      │   "
"  ○│    f  finding: mark fixed                           ?  show help                 │   "
"  ○│    d  finding: dismiss                              :  command palette           │   "
"  ○│    F  finding: answer/apply via claude              tab  next tab                │   "
"  ○│    m  finding: queue manual fix                     1  go to live tab            │   "
"  ○│    t  findings: apply recommended triage            2  go to findings tab        │   "
"  ○│    A  findings: queue all confirmed code fixes      3  go to history tab         │   "
"   │    v  findings: show/hide resolved                  4  go to plan tab            │   "
" 󰚩 │    /  filter findings/history                       5  go to guide tab           │   "
"  󰚩│    o  open in running nvim                          r  refresh auth + artifacts  │   "
"  󰚩│    Q  send findings to nvim quickfix                S  settings: edit config     │   "
"  󱘖│    e  open in $EDITOR                                                            │   "
"   │                                                   move                           │   "
"   │                                                     k / ↑  move up               │   "
"   │                                                     j / ↓  move down             │   "
"   │                                                     g  scroll to top             │   "
"   │                                                     G  follow stream tail        │   "
"   │                                                     [  previous feature          │   "
"   │                                                     ]  next feature              │   "
" R╰──────────────────────────────────────────────────────────────────────────────────╯   "
