---
source: tests/ui_snapshots.rs
assertion_line: 161
expression: render(&app)
---
"                            │   live   findings   history    plan    guide              "
"╭ keys ──────────────────────────────────────────────────────────────────────────────────╮"
"│  findings                         actions                         move                 │"
"│   enter  run stage / open item     x  cancel running stage         k / ↑  move up      │"
"│   f  finding: mark fixed           c  run check.sh fast            j / ↓  move down    │"
"│   d  finding: dismiss              C  run full check.sh            g  scroll to top    │"
"│   F  queue/apply claude answer     a  take over in claude          G  jump to end/tail │"
"│   m  finding: queue manual fix     s  chat: edit spec/plan         [  previous feature │"
"│   A  queue all code fixes          u  undo last plan fix           ]  next feature     │"
"│   t  apply recommended triage      Q  findings → nvim quickfix                         │"
"│   :  apply queued answers                                                              │"
"│   v  show/hide resolved           global                                               │"
"│   /  filter findings/history       ctrl+c / q  quit ritual                             │"
"│   o  open in running nvim          ?  show help                                        │"
"│   e  open in $EDITOR               :  command palette                                  │"
"│                                    tab  next tab                                       │"
"│                                    1-5  jump to tab                                    │"
"│                                    r  refresh auth/artifacts                           │"
"│                                    S  settings: edit config                            │"
"╰────────────────────────────────────────────────────────────────────────────────────────╯"
"                            │                                                             "
" RITUAL   detached  detached                                                          "
