---
source: tests/ui_snapshots.rs
expression: render(&app)
---
"                            │  live   findings    history    plan                       "
"  PIPELINE ──────────────── │─────────────────────────────────────────────────────────────"
"  ○ spec                    │                                                             "
"  ○ plan                    │                                                             "
"  ○ plan-review             │                                                             "
"  ○ tests-red               │                                                             "
"  ○ implement               │                                                             "
"  ○ dual-review             │                                                             "
"                            │                                                             "
" 󰚩 AGENTS ───────────────── │                                                             "
"  󰚩 claude …                │                                                             "
"  󰚩 codex …                 │                  waiting for agent output…                  "
"  󱘖 bridge …                │                                                             "
"   nvim —                   │                                                             "
"   check green              │                                                             "
"                            │                                                             "
"   detached                 │                                                             "
"                            │                                                             "
"                            │                                                             "
"                            │                                                             "
"                            │                                                             "
" RITUAL   detached  detached                         $4.20/$5  ⠋ plan-review   ok "
