---
source: tests/ui_snapshots.rs
expression: "render_at(&app, 100, 26)"
---
"                            │ spec · § Behavior (the contract — WHAT│ 󰚩 chat · spec · § Behavior (th"
"  PIPELINE ──────────────── │󰲣 Behavior (the contract — WHAT, not   │› make behavior stricter: retry"
"  ○ spec                    │HOW)                                   │3x                             "
"  ○ plan                    │                                       │Tightening the retry rule.     "
"  ○ plan-review             │must retry on drop                     │ $0.030 4.2s                   "
"  ○ tests-red               │                                       │  ✓ spec updated · $0.030      "
"  ○ implement               │                                       │                               "
"  ○ dual-review             │                                       │                               "
"                            │                                       │                               "
" 󰚩 AGENTS ───────────────── │                                       │                               "
"  󰚩 claude …                │                                       │                               "
"  󰚩 codex …                 │                                       │                               "
"  󱘖 bridge …                │                                       │                               "
"   nvim —                   │                                       │                               "
"   check ?                  │                                       │                               "
"                            │                                       │                               "
"   detached                 │                                       │                               "
"                            │                                       │                               "
"                            │                                       │                               "
"                            │                                       │                               "
"                            │                                       │                               "
"                            │                                       │                               "
"                            │                                       │  first line                   "
"                            │                                       │   second▏ line                "
"                            │                                       │   third                       "
" RITUAL   detached  detached                                                                    "
