---
source: tests/ui_snapshots.rs
assertion_line: 170
expression: render(&app)
---
"                            │   live    findings    history   plan   guide              "
"  PIPELINE╭ keys ─────────────────────────────────────────────────────────────╮───────────"
"  ○ spec  │  plan                             move                            │e          "
"  ○ plan  │    s  chat: edit spec/plan          k / ↑  move up                │           "
"  ○ plan-r│    u  undo last plan fix            j / ↓  move down              │           "
"  ○ tests-│    e  open in $EDITOR               g  scroll to top              │           "
"  ○ implem│                                     G  jump to end / follow tail  │           "
"  ○ dual-r│  global                             [  previous feature           │           "
"  ○ covera│    ctrl+c / q  quit ritual          ]  next feature               │           "
"          │    ?  show help                                                   │           "
" 󰚩 AGENTS │    :  command palette                                             │           "
"  󰚩 claude│    tab  next tab                                                  │           "
"  󰚩 codex │    1  go to live tab                                              │           "
"  󱘖 bridge│    2  go to findings tab                                          │           "
"   nvim … │    3  go to history tab                                           │           "
"   check ?│    4  go to plan tab                                              │           "
"          │    5  go to guide tab                                             │           "
"   detache│    r  refresh auth + artifacts                                    │           "
"          │    S  settings: edit config                                       │           "
"          ╰───────────────────────────────────────────────────────────────────╯           "
"                            │                                                             "
" RITUAL   detached  detached                                                          "
