---
source: tests/ui_snapshots.rs
assertion_line: 666
expression: "render_at(&app, 100, 26)"
---
"                            │ spec · § Behavior (the contract: WHAT,│ ai: chat · spec · § Behavior ("
" # PIPELINE ─────────────── │# Feature: Audio                       │› make behavior stricter: retry"
"  ( ) spec                  │                                       │3x                             "
"  ( ) plan                  │## Goal                                │Tightening the retry rule.     "
"  ( ) plan-review           │                                       │[x] $0.030 4.2s                "
"  ( ) tests-red             │low-latency playback                   │  ✓ spec updated · $0.030      "
"  ( ) implement             │                                       │                               "
"  ( ) dual-review           │## Behavior (the contract: WHAT, not   │                               "
"  ( ) coverage              │HOW)                                   │                               "
"  » next: spec              │                                       │                               "
"  architecture.md missing - │must retry on drop                     │                               "
"    run `ritual architect`  │                                       │                               "
"    to ground planning      │## Edge cases & failure modes          │                               "
"                            │                                       │                               "
" ai: AGENTS ─────────────── │## Out of scope                        │                               "
"  ai: claude …              │                                       │                               "
"  ai: codex …               │                                       │                               "
"  <> bridge …               │                                       │                               "
"  nv nvim …                 │                                       │                               "
"  chk check ?               │                                       │                               "
"                            │                                       │                               "
"  br: detached              │                                       │                               "
"                            │                                       │                               "
"                            │                                       │ > and ▏cap it at 3 attempts   "
"                            │                                       │ enter send · alt+enter ⏎ · tab"
" RITUAL  br: detached  detached                                                                     "
