---
source: tests/ui_snapshots.rs
assertion_line: 161
expression: render(&app)
---
"                            │   live   findings   history    plan    guide              "
"╭ keys ──────────────────────────────────────────────────────────────────────────────────╮"
"│  findings                         actions                          move                │"
"│   enter  run stage / open item     i  stage: details & guidance     k / ↑  move up     │"
"│   f  finding: mark fixed           x  cancel running stage          j / ↓  move down   │"
"│   d  finding: dismiss              c  run check.sh fast             g  scroll to top   │"
"│   F  queue/apply claude answer     C  run full check.sh             G  jump to end/tail│"
"│   m  finding: queue manual fix     a  take over in claude           [  previous feature│"
"│   A  queue all code fixes          s  chat: edit spec/plan          ]  next feature    │"
"│   t  apply recommended triage      u  undo last plan fix                               │"
"│   :  apply queued answers          Q  findings → nvim quickfix                         │"
"│   v  show/hide resolved                                                                │"
"│   /  filter findings/history      global                                               │"
"│   o  open in running nvim          ctrl+c / q  quit ritual                             │"
"│   e  open in $EDITOR               ?  show help                                        │"
"│                                    :  command palette                                  │"
"│                                    tab  next tab                                       │"
"│                                    1-5  jump to tab                                    │"
"│                                    r  refresh auth/artifacts                           │"
"│                                    S  settings: edit config                            │"
"╰────────────────────────────────────────────────────────────────────────────────────────╯"
" RITUAL   detached  detached                                                          "
