---
source: tests/ui_snapshots.rs
assertion_line: 675
expression: render(&app)
---
"                            │   live    findings    history    plan   guide             "
"  PIPELINE ──────────────── │─────────────────────────────────────────────────────────────"
"  ○ spec                    │ 󰲣 Why this shape                                     5/257  "
"  ○ plan                    │                                                             "
"  ○ plan-review             │ Research verdict behind the workflow: external feedback     "
"  ○ tests-red               │ (tests, execution, checks) is the quality engine, not model "
"  ○ implement               │ debate. A second model pays off in exactly three roles:     "
"  ○ dual-review             │ plan critic, independent test designer, and second          "
"  ○ coverage                │ reviewer. That is the pipeline.                             "
"  » next: spec              │                                                             "
"  architecture.md missing - │ 󰲣 The pipeline                                              "
"    run `ritual architect`  │                                                             "
"    to ground planning      │  • spec: you write intent in  spec.md  ( ⟨enter⟩  opens it  "
"                            │ in $EDITOR; or press  ⟨s⟩  to chat it into shape, see       "
" 󰚩 AGENTS ───────────────── │ below)                                                      "
"  󰚩 claude …                │  • plan: Claude drafts  plan.md  from the spec              "
"  󰚩 codex …                 │  • plan-review: Codex attacks the plan; bounded 2-round     "
"  󱘖 bridge …                │ debate; plan revised in place                               "
"   nvim …                   │  • tests-red: Codex designs tests from the spec, written    "
"   check ?                  │ red, no implementation                                      "
"                            │  • implement: Claude implements until  check.sh  is green   "
" RITUAL   detached  detached                                                          "
