---
source: tests/ui_snapshots.rs
assertion_line: 190
expression: render(&app)
---
"                            │   live    findings    history    plan   guide             "
"  PIPELINE ──────────────── │─────────────────────────────────────────────────────────────"
"  ○ spec    ╭ keys ─────────────────────────────────────────────────────────╮      1/257  "
"  ○ plan    │  guide                            global                      │             "
"  ○ plan-rev│   enter  run stage / open item     ctrl+c / q  quit ritual    │ → review →  "
"  ○ tests-re│                                    ?  show help               │k.sh  keeps  "
"  ○ implemen│  actions                           :  command palette         │             "
"  ○ dual-rev│   i  stage: details & guidance     tab  next tab              │             "
"  ○ coverage│   x  cancel running stage          1-5  jump to tab           │             "
"  » next: sp│   c  run check.sh fast             r  refresh auth/artifacts  │             "
"  architectu│   C  run full check.sh             S  settings: edit config   │feedback     "
"    run `rit│   a  take over in claude                                      │e, not model "
"    to groun│   s  chat: edit spec/plan         move                        │e roles:     "
"            │   u  undo last plan fix            k / ↑  move up             │ond          "
" 󰚩 AGENTS ──│   Q  findings → nvim quickfix      j / ↓  move down           │             "
"  󰚩 claude …│                                    g  scroll to top           │             "
"  󰚩 codex … │                                    G  jump to end/tail        │             "
"  󱘖 bridge …│                                    [  previous feature        │             "
"   nvim …   │                                    ]  next feature            │⟩  opens it  "
"   check ?  ╰───────────────────────────────────────────────────────────────╯e, see       "
"                            │ below)                                                      "
" RITUAL   detached  detached                                                          "
