---
source: tests/ui_snapshots.rs
expression: render(&app)
---
"                            │  live   findings    history    plan                       "
"  PIPELINE ──────────────── │─────────────────────────────────────────────────────────────"
"  ○ spec                    │                                                             "
"  ○ plan                    │                                                             "
"  ○ plan-review             │                    █▀█ █ ▀█▀ █ █ ▄▀█ █                      "
"  ○ tests-red               │                    █▀▄ █  █  █▄█ █▀█ █▄▄                    "
"  ○ implement               │                                                             "
"  ○ dual-review             │         s u m m o n  ·  r e v i e w  ·  v e r i f y         "
"                            │                                                             "
" 󰚩 AGENTS ───────────────── │                                                             "
"  󰚩 claude …                │                  enter   run selected stage                 "
"  󰚩 codex …                 │                                                             "
"  󱘖 bridge …                │                     :   command palette                     "
"   check ?                  │                                                             "
"                            │                    a   take over session                    "
"   detached                 │                                                             "
"                            │                           ?   keys                          "
"                            │                                                             "
"                            │                                                             "
"                            │                                                             "
"                            │                                                             "
" RITUAL   detached  detached                                                          "
