---
source: tests/ui_snapshots.rs
assertion_line: 150
expression: render(&app)
---
"               ╭ keys ───────────────────────────────────────────────────╮de              "
"  PIPELINE ────│  run                              move                  │────────────────"
"  ○ spec       │   enter  run stage / open item     k / ↑  move up       │                "
"  ○ plan       │                                    j / ↓  move down     │                "
"  ○ plan-review│  actions                           g  scroll to top     │                "
"  ○ tests-red  │   x  cancel running stage          G  jump to end/tail  │r i f y         "
"  ○ implement  │   c  run check.sh fast             [  previous feature  │                "
"  ○ dual-review│   C  run full check.sh             ]  next feature      │l → dual        "
"  ○ coverage   │   a  take over in claude                                │plan live       "
"               │   s  chat: edit spec/plan                               │ takeover       "
" 󰚩 AGENTS ─────│   u  undo last plan fix                                 │miss · / filter "
"  󰚩 claude …   │   Q  findings → nvim quickfix                           │riants          "
"  󰚩 codex …    │                                                         │s               "
"  󱘖 bridge …   │  global                                                 │ro              "
"   nvim …      │   ctrl+c / q  quit ritual                               │                "
"   check ?     │   ?  show help                                          │es              "
"               │   :  command palette                                    │comment         "
"   detached    │   tab  next tab                                         │pp              "
"               │   1-5  jump to tab                                      │                "
"               │   r  refresh auth/artifacts                             │s    q  quit    "
"               │   S  settings: edit config                              │                "
" RITUAL   de╰─────────────────────────────────────────────────────────╯                "
