---
source: tests/ui_snapshots.rs
assertion_line: 261
expression: render(&app)
---
"                            │   live   findings   history    plan    guide              "
"  PIPELINE ──────────────── │─────────────────────────────────────────────────────────────"
"  ○ spec                    │                                                             "
"  ○ plan                    │                                                             "
"  ○ plan-review             │                                                             "
"  ○ tests-red               │                                                             "
"  ○ implement               │                                                             "
"  ○ dual-review             │                                                             "
"  ○ coverage  ╭ apply recommended triage ──────────────────────────────────╮              "
"  » next: spec│apply recommended triage to 35 finding(s)?                  │              "
"              │✓ archive 31 (prose→reason) · ⚑A 2 · ⚑M 1 · ∅ dismiss 1     │              "
" 󰚩 AGENTS ────│3 need your judgment - untouched                            │eview         "
"  󰚩 claude …  │ y  apply   esc  cancel                                     │              "
"  󰚩 codex …   ╰────────────────────────────────────────────────────────────╯              "
"  󱘖 bridge …                │                                                             "
"   nvim …                   │                                                             "
"   check ?                  │                                                             "
"                            │                                                             "
"   detached                 │                                                             "
"                            │                                                             "
"                            │                                                             "
" RITUAL   detached  detached                                                          "
