---
source: tests/ui_snapshots.rs
expression: render(&app)
---
"                            │  live   findings    history    plan    guide              "
"  PIPELINE ──────────────── │─────────────────────────────────────────────────────────────"
"  ○ spec                    │                                                             "
"  ○ plan         ╭ command ─────────────────────────────────────────────╮                 "
"  ○ plan-review  │  run▏                                                │                 "
"  ○ tests-red    │                                                      │ r i f y         "
"  ○ implement    │  run selected stage / open item                      │                 "
"  ○ dual-review  │  cancel running stage                                │pl → dual        "
"                 │  run check.sh fast                                   │ plan live       "
" 󰚩 AGENTS ───────│  run full check.sh                                   │a takeover       "
"  󰚩 claude …     │  take over run in claude (--resume)                  │smiss · / filter "
"  󰚩 codex …      │  open in running nvim                                │ariants          "
"  󱘖 bridge …     │  run spec                                            │ts               "
"   nvim …        │  run plan                                            │pro              "
"   check ?       │  run plan-review                                     │s                "
"                 │  run tests-red                                       │res              "
"   detached      │  run implement                                       │-comment         "
"                 │  run dual-review                                     │app              "
"                 ╰──────────────────────────────────────────────────────╯                 "
"                            │     enter  run stage    :  palette    ?  keys    q  quit    "
"                            │                                                             "
" RITUAL   detached  detached                                                          "
